// Jest Snapshot v1, https://goo.gl/fbAQLP

exports[`platform/git/storage getCommitMessages() returns commit messages 1`] = `
Array [
  "master message",
  "past message",
]
`;

exports[`platform/git/storage getFile(filePath, branchName) returns null for 404 1`] = `[Error: repository-changed]`;

exports[`platform/git/storage getFileList() should return the correct files 1`] = `
Array [
  "future_file",
  "master_file",
  "past_file",
]
`;

exports[`platform/git/storage mergeBranch(branchName) should throw if branch merge throws 1`] = `
[Error: fatal: Cannot update paths and switch to branch 'not_found' at the same time.
Did you intend to checkout 'origin/not_found' which can not be resolved as commit?
]
`;
